[2026-01-29 01:39:23,462][WARNING] C:\Users\karthik\Downloads\business\.venv\Lib\site-packages\lightly_train\_commands\train.py:276: FutureWarning: `lightly_train.train` is deprecated and will be removed in a future release. Please use `lightly_train.pretrain` instead.
  train_from_config(config=config, called_via_train=True)

[2026-01-29 01:39:23,466][INFO] Args: {
    "accelerator": "auto",
    "batch_size": 2,
    "callbacks": null,
    "checkpoint": null,
    "data": "c:\\Users\\karthik\\Downloads\\business\\data_frames",
    "devices": 1,
    "embed_dim": null,
    "epochs": 20,
    "float32_matmul_precision": "auto",
    "loader_args": {
        "num_workers": 0,
        "pin_memory": true,
        "timeout": 0
    },
    "loggers": null,
    "method": "distillation",
    "method_args": {
        "lr_scale_method": "sqrt",
        "reference_batch_size": 4,
        "teacher": "dinov3/vits16",
        "teacher_url": "file:///C:/Users/karthik/Downloads/business/dinov3_vits16_pretrain_lvd1689m-08c60483.pth"
    },
    "model": "YOLO",
    "model_args": null,
    "num_nodes": 1,
    "num_workers": "auto",
    "optim": "adamw",
    "optim_args": {
        "lr": 0.001,
        "weight_decay": 0.0001
    },
    "out": "c:\\Users\\karthik\\Downloads\\business\\output\\lightly_distill",
    "overwrite": false,
    "precision": "16-mixed",
    "resume": null,
    "resume_interrupted": false,
    "seed": 0,
    "strategy": "auto",
    "trainer_args": {
        "accumulate_grad_batches": 2,
        "sync_batchnorm": false
    },
    "transform_args": {
        "gaussian_blur": {
            "prob": 1.0,
            "sigmas": [
                0.0,
                0.1
            ]
        },
        "image_size": [
            224,
            224
        ],
        "normalize": {
            "mean": [
                0.485,
                0.456,
                0.406
            ],
            "std": [
                0.229,
                0.224,
                0.225
            ]
        },
        "random_flip": {
            "horizontal_prob": 0.5,
            "vertical_prob": 0.0
        },
        "random_gray_scale": 0.2,
        "random_resize": {
            "max_scale": 1.0,
            "min_scale": 0.14
        }
    }
}
[2026-01-29 01:39:23,466][INFO] Using output directory 'C:\Users\karthik\Downloads\business\output\lightly_distill'.
[2026-01-29 01:39:23,544][DEBUG] 'C:\Users\karthik\Downloads\business\.venv\Lib\site-packages\lightly_train' is not a git repository.
[2026-01-29 01:39:23,589][DEBUG] 'C:\Users\karthik\Downloads\business' is not a git repository.
[2026-01-29 01:39:23,590][DEBUG] Platform: Windows-10-10.0.26200-SP0
[2026-01-29 01:39:23,590][DEBUG] Python: 3.11.6
[2026-01-29 01:39:23,591][DEBUG] LightlyTrain: 0.14.0
[2026-01-29 01:39:23,591][DEBUG] LightlyTrain Git Information:
[2026-01-29 01:39:23,591][DEBUG]  LightlyTrain is not installed from a git repository.
[2026-01-29 01:39:23,591][DEBUG] Run directory Git Information:
[2026-01-29 01:39:23,592][DEBUG]  The code is not running from a git repository.
[2026-01-29 01:39:23,592][DEBUG] Dependencies:
[2026-01-29 01:39:23,593][DEBUG]  - torch                       2.9.1
[2026-01-29 01:39:23,593][DEBUG]  - torchvision                0.24.1
[2026-01-29 01:39:23,593][DEBUG]  - pytorch-lightning           2.6.0
[2026-01-29 01:39:23,593][DEBUG]  - Pillow                     12.1.0
[2026-01-29 01:39:23,594][DEBUG]  - pillow-simd                     x
[2026-01-29 01:39:23,594][DEBUG] Optional dependencies:
[2026-01-29 01:39:23,594][DEBUG]  - super-gradients                 x
[2026-01-29 01:39:23,595][DEBUG]  - timm                            x
[2026-01-29 01:39:23,595][DEBUG]  - ultralytics                 8.4.6
[2026-01-29 01:39:23,595][DEBUG]  - wandb                           x
[2026-01-29 01:39:23,595][DEBUG] CPUs: 8
[2026-01-29 01:39:23,595][DEBUG] GPUs: 0
[2026-01-29 01:39:23,596][DEBUG] Environment variables:
[2026-01-29 01:39:23,718][DEBUG] Getting transform args for method 'distillation'.
[2026-01-29 01:39:23,719][DEBUG] Using additional transform arguments {'image_size': (224, 224), 'random_resize': {'min_scale': 0.14, 'max_scale': 1.0}, 'random_flip': {'horizontal_prob': 0.5, 'vertical_prob': 0.0}, 'random_gray_scale': 0.2, 'normalize': {'mean': (0.485, 0.456, 0.406), 'std': (0.229, 0.224, 0.225)}, 'gaussian_blur': {'prob': 1.0, 'sigmas': [0.0, 0.1]}}.
[2026-01-29 01:39:23,720][DEBUG] Getting transform for method 'distillation'.
[2026-01-29 01:39:23,729][DEBUG] Creating temporary file 'C:\Users\karthik\.cache\lightly-train\data\verify-out\a5aad0c0b467a65e6ce6677894d120fdce9519bfa8bb480cc99ce219a641d202' to verify out path.
[2026-01-29 01:39:23,734][DEBUG] Writing filepaths to 'C:\Users\karthik\.cache\lightly-train\data\a5aad0c0b467a65e6ce6677894d120fdce9519bfa8bb480cc99ce219a641d202.d0ebbdd3dad067a17ac09f41098ca8f9c4ef61d2a46544fc920c26d94c86f08f.temp' (chunk_size=10000)
[2026-01-29 01:39:25,506][DEBUG] Creating memory mapped sequence with 13816 '['filenames']'.
[2026-01-29 01:39:25,508][DEBUG] Found dataset size 13816.
[2026-01-29 01:39:25,509][DEBUG] Using provided epochs 20.
[2026-01-29 01:39:25,510][DEBUG] Freezing parameters with names ['.dfl']
[2026-01-29 01:39:25,512][INFO] Enabling gradients for parameter 'model.model.0.conv.weight'
[2026-01-29 01:39:25,512][INFO] Enabling gradients for parameter 'model.model.0.bn.weight'
[2026-01-29 01:39:25,513][INFO] Enabling gradients for parameter 'model.model.0.bn.bias'
[2026-01-29 01:39:25,513][INFO] Enabling gradients for parameter 'model.model.1.conv.weight'
[2026-01-29 01:39:25,513][INFO] Enabling gradients for parameter 'model.model.1.bn.weight'
[2026-01-29 01:39:25,513][INFO] Enabling gradients for parameter 'model.model.1.bn.bias'
[2026-01-29 01:39:25,514][INFO] Enabling gradients for parameter 'model.model.2.cv1.conv.weight'
[2026-01-29 01:39:25,515][INFO] Enabling gradients for parameter 'model.model.2.cv1.bn.weight'
[2026-01-29 01:39:25,515][INFO] Enabling gradients for parameter 'model.model.2.cv1.bn.bias'
[2026-01-29 01:39:25,515][INFO] Enabling gradients for parameter 'model.model.2.cv2.conv.weight'
[2026-01-29 01:39:25,515][INFO] Enabling gradients for parameter 'model.model.2.cv2.bn.weight'
[2026-01-29 01:39:25,516][INFO] Enabling gradients for parameter 'model.model.2.cv2.bn.bias'
[2026-01-29 01:39:25,516][INFO] Enabling gradients for parameter 'model.model.2.m.0.cv1.conv.weight'
[2026-01-29 01:39:25,516][INFO] Enabling gradients for parameter 'model.model.2.m.0.cv1.bn.weight'
[2026-01-29 01:39:25,516][INFO] Enabling gradients for parameter 'model.model.2.m.0.cv1.bn.bias'
[2026-01-29 01:39:25,517][INFO] Enabling gradients for parameter 'model.model.2.m.0.cv2.conv.weight'
[2026-01-29 01:39:25,518][INFO] Enabling gradients for parameter 'model.model.2.m.0.cv2.bn.weight'
[2026-01-29 01:39:25,518][INFO] Enabling gradients for parameter 'model.model.2.m.0.cv2.bn.bias'
[2026-01-29 01:39:25,518][INFO] Enabling gradients for parameter 'model.model.3.conv.weight'
[2026-01-29 01:39:25,519][INFO] Enabling gradients for parameter 'model.model.3.bn.weight'
[2026-01-29 01:39:25,519][INFO] Enabling gradients for parameter 'model.model.3.bn.bias'
[2026-01-29 01:39:25,519][INFO] Enabling gradients for parameter 'model.model.4.cv1.conv.weight'
[2026-01-29 01:39:25,520][INFO] Enabling gradients for parameter 'model.model.4.cv1.bn.weight'
[2026-01-29 01:39:25,520][INFO] Enabling gradients for parameter 'model.model.4.cv1.bn.bias'
[2026-01-29 01:39:25,520][INFO] Enabling gradients for parameter 'model.model.4.cv2.conv.weight'
[2026-01-29 01:39:25,521][INFO] Enabling gradients for parameter 'model.model.4.cv2.bn.weight'
[2026-01-29 01:39:25,521][INFO] Enabling gradients for parameter 'model.model.4.cv2.bn.bias'
[2026-01-29 01:39:25,521][INFO] Enabling gradients for parameter 'model.model.4.m.0.cv1.conv.weight'
[2026-01-29 01:39:25,522][INFO] Enabling gradients for parameter 'model.model.4.m.0.cv1.bn.weight'
[2026-01-29 01:39:25,522][INFO] Enabling gradients for parameter 'model.model.4.m.0.cv1.bn.bias'
[2026-01-29 01:39:25,523][INFO] Enabling gradients for parameter 'model.model.4.m.0.cv2.conv.weight'
[2026-01-29 01:39:25,523][INFO] Enabling gradients for parameter 'model.model.4.m.0.cv2.bn.weight'
[2026-01-29 01:39:25,524][INFO] Enabling gradients for parameter 'model.model.4.m.0.cv2.bn.bias'
[2026-01-29 01:39:25,524][INFO] Enabling gradients for parameter 'model.model.4.m.1.cv1.conv.weight'
[2026-01-29 01:39:25,524][INFO] Enabling gradients for parameter 'model.model.4.m.1.cv1.bn.weight'
[2026-01-29 01:39:25,524][INFO] Enabling gradients for parameter 'model.model.4.m.1.cv1.bn.bias'
[2026-01-29 01:39:25,525][INFO] Enabling gradients for parameter 'model.model.4.m.1.cv2.conv.weight'
[2026-01-29 01:39:25,525][INFO] Enabling gradients for parameter 'model.model.4.m.1.cv2.bn.weight'
[2026-01-29 01:39:25,525][INFO] Enabling gradients for parameter 'model.model.4.m.1.cv2.bn.bias'
[2026-01-29 01:39:25,526][INFO] Enabling gradients for parameter 'model.model.5.conv.weight'
[2026-01-29 01:39:25,526][INFO] Enabling gradients for parameter 'model.model.5.bn.weight'
[2026-01-29 01:39:25,526][INFO] Enabling gradients for parameter 'model.model.5.bn.bias'
[2026-01-29 01:39:25,527][INFO] Enabling gradients for parameter 'model.model.6.cv1.conv.weight'
[2026-01-29 01:39:25,527][INFO] Enabling gradients for parameter 'model.model.6.cv1.bn.weight'
[2026-01-29 01:39:25,528][INFO] Enabling gradients for parameter 'model.model.6.cv1.bn.bias'
[2026-01-29 01:39:25,528][INFO] Enabling gradients for parameter 'model.model.6.cv2.conv.weight'
[2026-01-29 01:39:25,528][INFO] Enabling gradients for parameter 'model.model.6.cv2.bn.weight'
[2026-01-29 01:39:25,528][INFO] Enabling gradients for parameter 'model.model.6.cv2.bn.bias'
[2026-01-29 01:39:25,529][INFO] Enabling gradients for parameter 'model.model.6.m.0.cv1.conv.weight'
[2026-01-29 01:39:25,529][INFO] Enabling gradients for parameter 'model.model.6.m.0.cv1.bn.weight'
[2026-01-29 01:39:25,530][INFO] Enabling gradients for parameter 'model.model.6.m.0.cv1.bn.bias'
[2026-01-29 01:39:25,530][INFO] Enabling gradients for parameter 'model.model.6.m.0.cv2.conv.weight'
[2026-01-29 01:39:25,530][INFO] Enabling gradients for parameter 'model.model.6.m.0.cv2.bn.weight'
[2026-01-29 01:39:25,530][INFO] Enabling gradients for parameter 'model.model.6.m.0.cv2.bn.bias'
[2026-01-29 01:39:25,531][INFO] Enabling gradients for parameter 'model.model.6.m.1.cv1.conv.weight'
[2026-01-29 01:39:25,531][INFO] Enabling gradients for parameter 'model.model.6.m.1.cv1.bn.weight'
[2026-01-29 01:39:25,531][INFO] Enabling gradients for parameter 'model.model.6.m.1.cv1.bn.bias'
[2026-01-29 01:39:25,532][INFO] Enabling gradients for parameter 'model.model.6.m.1.cv2.conv.weight'
[2026-01-29 01:39:25,532][INFO] Enabling gradients for parameter 'model.model.6.m.1.cv2.bn.weight'
[2026-01-29 01:39:25,532][INFO] Enabling gradients for parameter 'model.model.6.m.1.cv2.bn.bias'
[2026-01-29 01:39:25,532][INFO] Enabling gradients for parameter 'model.model.7.conv.weight'
[2026-01-29 01:39:25,533][INFO] Enabling gradients for parameter 'model.model.7.bn.weight'
[2026-01-29 01:39:25,533][INFO] Enabling gradients for parameter 'model.model.7.bn.bias'
[2026-01-29 01:39:25,534][INFO] Enabling gradients for parameter 'model.model.8.cv1.conv.weight'
[2026-01-29 01:39:25,534][INFO] Enabling gradients for parameter 'model.model.8.cv1.bn.weight'
[2026-01-29 01:39:25,535][INFO] Enabling gradients for parameter 'model.model.8.cv1.bn.bias'
[2026-01-29 01:39:25,535][INFO] Enabling gradients for parameter 'model.model.8.cv2.conv.weight'
[2026-01-29 01:39:25,535][INFO] Enabling gradients for parameter 'model.model.8.cv2.bn.weight'
[2026-01-29 01:39:25,535][INFO] Enabling gradients for parameter 'model.model.8.cv2.bn.bias'
[2026-01-29 01:39:25,536][INFO] Enabling gradients for parameter 'model.model.8.m.0.cv1.conv.weight'
[2026-01-29 01:39:25,536][INFO] Enabling gradients for parameter 'model.model.8.m.0.cv1.bn.weight'
[2026-01-29 01:39:25,536][INFO] Enabling gradients for parameter 'model.model.8.m.0.cv1.bn.bias'
[2026-01-29 01:39:25,536][INFO] Enabling gradients for parameter 'model.model.8.m.0.cv2.conv.weight'
[2026-01-29 01:39:25,536][INFO] Enabling gradients for parameter 'model.model.8.m.0.cv2.bn.weight'
[2026-01-29 01:39:25,537][INFO] Enabling gradients for parameter 'model.model.8.m.0.cv2.bn.bias'
[2026-01-29 01:39:25,537][INFO] Enabling gradients for parameter 'model.model.9.cv1.conv.weight'
[2026-01-29 01:39:25,537][INFO] Enabling gradients for parameter 'model.model.9.cv1.bn.weight'
[2026-01-29 01:39:25,537][INFO] Enabling gradients for parameter 'model.model.9.cv1.bn.bias'
[2026-01-29 01:39:25,537][INFO] Enabling gradients for parameter 'model.model.9.cv2.conv.weight'
[2026-01-29 01:39:25,539][INFO] Enabling gradients for parameter 'model.model.9.cv2.bn.weight'
[2026-01-29 01:39:25,539][INFO] Enabling gradients for parameter 'model.model.9.cv2.bn.bias'
[2026-01-29 01:39:25,539][INFO] Enabling gradients for parameter 'model.model.12.cv1.conv.weight'
[2026-01-29 01:39:25,539][INFO] Enabling gradients for parameter 'model.model.12.cv1.bn.weight'
[2026-01-29 01:39:25,539][INFO] Enabling gradients for parameter 'model.model.12.cv1.bn.bias'
[2026-01-29 01:39:25,539][INFO] Enabling gradients for parameter 'model.model.12.cv2.conv.weight'
[2026-01-29 01:39:25,540][INFO] Enabling gradients for parameter 'model.model.12.cv2.bn.weight'
[2026-01-29 01:39:25,540][INFO] Enabling gradients for parameter 'model.model.12.cv2.bn.bias'
[2026-01-29 01:39:25,541][INFO] Enabling gradients for parameter 'model.model.12.m.0.cv1.conv.weight'
[2026-01-29 01:39:25,541][INFO] Enabling gradients for parameter 'model.model.12.m.0.cv1.bn.weight'
[2026-01-29 01:39:25,541][INFO] Enabling gradients for parameter 'model.model.12.m.0.cv1.bn.bias'
[2026-01-29 01:39:25,541][INFO] Enabling gradients for parameter 'model.model.12.m.0.cv2.conv.weight'
[2026-01-29 01:39:25,542][INFO] Enabling gradients for parameter 'model.model.12.m.0.cv2.bn.weight'
[2026-01-29 01:39:25,542][INFO] Enabling gradients for parameter 'model.model.12.m.0.cv2.bn.bias'
[2026-01-29 01:39:25,542][INFO] Enabling gradients for parameter 'model.model.15.cv1.conv.weight'
[2026-01-29 01:39:25,542][INFO] Enabling gradients for parameter 'model.model.15.cv1.bn.weight'
[2026-01-29 01:39:25,542][INFO] Enabling gradients for parameter 'model.model.15.cv1.bn.bias'
[2026-01-29 01:39:25,542][INFO] Enabling gradients for parameter 'model.model.15.cv2.conv.weight'
[2026-01-29 01:39:25,542][INFO] Enabling gradients for parameter 'model.model.15.cv2.bn.weight'
[2026-01-29 01:39:25,544][INFO] Enabling gradients for parameter 'model.model.15.cv2.bn.bias'
[2026-01-29 01:39:25,544][INFO] Enabling gradients for parameter 'model.model.15.m.0.cv1.conv.weight'
[2026-01-29 01:39:25,544][INFO] Enabling gradients for parameter 'model.model.15.m.0.cv1.bn.weight'
[2026-01-29 01:39:25,544][INFO] Enabling gradients for parameter 'model.model.15.m.0.cv1.bn.bias'
[2026-01-29 01:39:25,544][INFO] Enabling gradients for parameter 'model.model.15.m.0.cv2.conv.weight'
[2026-01-29 01:39:25,544][INFO] Enabling gradients for parameter 'model.model.15.m.0.cv2.bn.weight'
[2026-01-29 01:39:25,545][INFO] Enabling gradients for parameter 'model.model.15.m.0.cv2.bn.bias'
[2026-01-29 01:39:25,545][INFO] Enabling gradients for parameter 'model.model.16.conv.weight'
[2026-01-29 01:39:25,545][INFO] Enabling gradients for parameter 'model.model.16.bn.weight'
[2026-01-29 01:39:25,545][INFO] Enabling gradients for parameter 'model.model.16.bn.bias'
[2026-01-29 01:39:25,545][INFO] Enabling gradients for parameter 'model.model.18.cv1.conv.weight'
[2026-01-29 01:39:25,545][INFO] Enabling gradients for parameter 'model.model.18.cv1.bn.weight'
[2026-01-29 01:39:25,545][INFO] Enabling gradients for parameter 'model.model.18.cv1.bn.bias'
[2026-01-29 01:39:25,545][INFO] Enabling gradients for parameter 'model.model.18.cv2.conv.weight'
[2026-01-29 01:39:25,547][INFO] Enabling gradients for parameter 'model.model.18.cv2.bn.weight'
[2026-01-29 01:39:25,547][INFO] Enabling gradients for parameter 'model.model.18.cv2.bn.bias'
[2026-01-29 01:39:25,547][INFO] Enabling gradients for parameter 'model.model.18.m.0.cv1.conv.weight'
[2026-01-29 01:39:25,547][INFO] Enabling gradients for parameter 'model.model.18.m.0.cv1.bn.weight'
[2026-01-29 01:39:25,547][INFO] Enabling gradients for parameter 'model.model.18.m.0.cv1.bn.bias'
[2026-01-29 01:39:25,547][INFO] Enabling gradients for parameter 'model.model.18.m.0.cv2.conv.weight'
[2026-01-29 01:39:25,547][INFO] Enabling gradients for parameter 'model.model.18.m.0.cv2.bn.weight'
[2026-01-29 01:39:25,547][INFO] Enabling gradients for parameter 'model.model.18.m.0.cv2.bn.bias'
[2026-01-29 01:39:25,547][INFO] Enabling gradients for parameter 'model.model.19.conv.weight'
[2026-01-29 01:39:25,547][INFO] Enabling gradients for parameter 'model.model.19.bn.weight'
[2026-01-29 01:39:25,547][INFO] Enabling gradients for parameter 'model.model.19.bn.bias'
[2026-01-29 01:39:25,547][INFO] Enabling gradients for parameter 'model.model.21.cv1.conv.weight'
[2026-01-29 01:39:25,547][INFO] Enabling gradients for parameter 'model.model.21.cv1.bn.weight'
[2026-01-29 01:39:25,547][INFO] Enabling gradients for parameter 'model.model.21.cv1.bn.bias'
[2026-01-29 01:39:25,547][INFO] Enabling gradients for parameter 'model.model.21.cv2.conv.weight'
[2026-01-29 01:39:25,547][INFO] Enabling gradients for parameter 'model.model.21.cv2.bn.weight'
[2026-01-29 01:39:25,547][INFO] Enabling gradients for parameter 'model.model.21.cv2.bn.bias'
[2026-01-29 01:39:25,547][INFO] Enabling gradients for parameter 'model.model.21.m.0.cv1.conv.weight'
[2026-01-29 01:39:25,547][INFO] Enabling gradients for parameter 'model.model.21.m.0.cv1.bn.weight'
[2026-01-29 01:39:25,553][INFO] Enabling gradients for parameter 'model.model.21.m.0.cv1.bn.bias'
[2026-01-29 01:39:25,553][INFO] Enabling gradients for parameter 'model.model.21.m.0.cv2.conv.weight'
[2026-01-29 01:39:25,553][INFO] Enabling gradients for parameter 'model.model.21.m.0.cv2.bn.weight'
[2026-01-29 01:39:25,553][INFO] Enabling gradients for parameter 'model.model.21.m.0.cv2.bn.bias'
[2026-01-29 01:39:25,553][INFO] Enabling gradients for parameter 'model.model.22.cv2.0.0.conv.weight'
[2026-01-29 01:39:25,555][INFO] Enabling gradients for parameter 'model.model.22.cv2.0.0.bn.weight'
[2026-01-29 01:39:25,555][INFO] Enabling gradients for parameter 'model.model.22.cv2.0.0.bn.bias'
[2026-01-29 01:39:25,555][INFO] Enabling gradients for parameter 'model.model.22.cv2.0.1.conv.weight'
[2026-01-29 01:39:25,555][INFO] Enabling gradients for parameter 'model.model.22.cv2.0.1.bn.weight'
[2026-01-29 01:39:25,555][INFO] Enabling gradients for parameter 'model.model.22.cv2.0.1.bn.bias'
[2026-01-29 01:39:25,555][INFO] Enabling gradients for parameter 'model.model.22.cv2.0.2.weight'
[2026-01-29 01:39:25,555][INFO] Enabling gradients for parameter 'model.model.22.cv2.0.2.bias'
[2026-01-29 01:39:25,555][INFO] Enabling gradients for parameter 'model.model.22.cv2.1.0.conv.weight'
[2026-01-29 01:39:25,555][INFO] Enabling gradients for parameter 'model.model.22.cv2.1.0.bn.weight'
[2026-01-29 01:39:25,555][INFO] Enabling gradients for parameter 'model.model.22.cv2.1.0.bn.bias'
[2026-01-29 01:39:25,555][INFO] Enabling gradients for parameter 'model.model.22.cv2.1.1.conv.weight'
[2026-01-29 01:39:25,558][INFO] Enabling gradients for parameter 'model.model.22.cv2.1.1.bn.weight'
[2026-01-29 01:39:25,558][INFO] Enabling gradients for parameter 'model.model.22.cv2.1.1.bn.bias'
[2026-01-29 01:39:25,558][INFO] Enabling gradients for parameter 'model.model.22.cv2.1.2.weight'
[2026-01-29 01:39:25,558][INFO] Enabling gradients for parameter 'model.model.22.cv2.1.2.bias'
[2026-01-29 01:39:25,558][INFO] Enabling gradients for parameter 'model.model.22.cv2.2.0.conv.weight'
[2026-01-29 01:39:25,558][INFO] Enabling gradients for parameter 'model.model.22.cv2.2.0.bn.weight'
[2026-01-29 01:39:25,558][INFO] Enabling gradients for parameter 'model.model.22.cv2.2.0.bn.bias'
[2026-01-29 01:39:25,558][INFO] Enabling gradients for parameter 'model.model.22.cv2.2.1.conv.weight'
[2026-01-29 01:39:25,558][INFO] Enabling gradients for parameter 'model.model.22.cv2.2.1.bn.weight'
[2026-01-29 01:39:25,558][INFO] Enabling gradients for parameter 'model.model.22.cv2.2.1.bn.bias'
[2026-01-29 01:39:25,558][INFO] Enabling gradients for parameter 'model.model.22.cv2.2.2.weight'
[2026-01-29 01:39:25,558][INFO] Enabling gradients for parameter 'model.model.22.cv2.2.2.bias'
[2026-01-29 01:39:25,558][INFO] Enabling gradients for parameter 'model.model.22.cv3.0.0.conv.weight'
[2026-01-29 01:39:25,562][INFO] Enabling gradients for parameter 'model.model.22.cv3.0.0.bn.weight'
[2026-01-29 01:39:25,562][INFO] Enabling gradients for parameter 'model.model.22.cv3.0.0.bn.bias'
[2026-01-29 01:39:25,562][INFO] Enabling gradients for parameter 'model.model.22.cv3.0.1.conv.weight'
[2026-01-29 01:39:25,562][INFO] Enabling gradients for parameter 'model.model.22.cv3.0.1.bn.weight'
[2026-01-29 01:39:25,562][INFO] Enabling gradients for parameter 'model.model.22.cv3.0.1.bn.bias'
[2026-01-29 01:39:25,562][INFO] Enabling gradients for parameter 'model.model.22.cv3.0.2.weight'
[2026-01-29 01:39:25,562][INFO] Enabling gradients for parameter 'model.model.22.cv3.0.2.bias'
[2026-01-29 01:39:25,562][INFO] Enabling gradients for parameter 'model.model.22.cv3.1.0.conv.weight'
[2026-01-29 01:39:25,562][INFO] Enabling gradients for parameter 'model.model.22.cv3.1.0.bn.weight'
[2026-01-29 01:39:25,562][INFO] Enabling gradients for parameter 'model.model.22.cv3.1.0.bn.bias'
[2026-01-29 01:39:25,562][INFO] Enabling gradients for parameter 'model.model.22.cv3.1.1.conv.weight'
[2026-01-29 01:39:25,562][INFO] Enabling gradients for parameter 'model.model.22.cv3.1.1.bn.weight'
[2026-01-29 01:39:25,562][INFO] Enabling gradients for parameter 'model.model.22.cv3.1.1.bn.bias'
[2026-01-29 01:39:25,562][INFO] Enabling gradients for parameter 'model.model.22.cv3.1.2.weight'
[2026-01-29 01:39:25,562][INFO] Enabling gradients for parameter 'model.model.22.cv3.1.2.bias'
[2026-01-29 01:39:25,562][INFO] Enabling gradients for parameter 'model.model.22.cv3.2.0.conv.weight'
[2026-01-29 01:39:25,562][INFO] Enabling gradients for parameter 'model.model.22.cv3.2.0.bn.weight'
[2026-01-29 01:39:25,562][INFO] Enabling gradients for parameter 'model.model.22.cv3.2.0.bn.bias'
[2026-01-29 01:39:25,562][INFO] Enabling gradients for parameter 'model.model.22.cv3.2.1.conv.weight'
[2026-01-29 01:39:25,562][INFO] Enabling gradients for parameter 'model.model.22.cv3.2.1.bn.weight'
[2026-01-29 01:39:25,562][INFO] Enabling gradients for parameter 'model.model.22.cv3.2.1.bn.bias'
[2026-01-29 01:39:25,562][INFO] Enabling gradients for parameter 'model.model.22.cv3.2.2.weight'
[2026-01-29 01:39:25,562][INFO] Enabling gradients for parameter 'model.model.22.cv3.2.2.bias'
[2026-01-29 01:39:25,562][INFO] Disabling gradients for parameter 'model.model.22.dfl.conv.weight'
[2026-01-29 01:39:25,568][INFO] Enabling gradients for parameter 'model.model.22.cv4.0.0.conv.weight'
[2026-01-29 01:39:25,568][INFO] Enabling gradients for parameter 'model.model.22.cv4.0.0.bn.weight'
[2026-01-29 01:39:25,568][INFO] Enabling gradients for parameter 'model.model.22.cv4.0.0.bn.bias'
[2026-01-29 01:39:25,568][INFO] Enabling gradients for parameter 'model.model.22.cv4.0.1.conv.weight'
[2026-01-29 01:39:25,569][INFO] Enabling gradients for parameter 'model.model.22.cv4.0.1.bn.weight'
[2026-01-29 01:39:25,569][INFO] Enabling gradients for parameter 'model.model.22.cv4.0.1.bn.bias'
[2026-01-29 01:39:25,569][INFO] Enabling gradients for parameter 'model.model.22.cv4.0.2.weight'
[2026-01-29 01:39:25,569][INFO] Enabling gradients for parameter 'model.model.22.cv4.0.2.bias'
[2026-01-29 01:39:25,569][INFO] Enabling gradients for parameter 'model.model.22.cv4.1.0.conv.weight'
[2026-01-29 01:39:25,569][INFO] Enabling gradients for parameter 'model.model.22.cv4.1.0.bn.weight'
[2026-01-29 01:39:25,569][INFO] Enabling gradients for parameter 'model.model.22.cv4.1.0.bn.bias'
[2026-01-29 01:39:25,569][INFO] Enabling gradients for parameter 'model.model.22.cv4.1.1.conv.weight'
[2026-01-29 01:39:25,569][INFO] Enabling gradients for parameter 'model.model.22.cv4.1.1.bn.weight'
[2026-01-29 01:39:25,569][INFO] Enabling gradients for parameter 'model.model.22.cv4.1.1.bn.bias'
[2026-01-29 01:39:25,569][INFO] Enabling gradients for parameter 'model.model.22.cv4.1.2.weight'
[2026-01-29 01:39:25,569][INFO] Enabling gradients for parameter 'model.model.22.cv4.1.2.bias'
[2026-01-29 01:39:25,569][INFO] Enabling gradients for parameter 'model.model.22.cv4.2.0.conv.weight'
[2026-01-29 01:39:25,569][INFO] Enabling gradients for parameter 'model.model.22.cv4.2.0.bn.weight'
[2026-01-29 01:39:25,569][INFO] Enabling gradients for parameter 'model.model.22.cv4.2.0.bn.bias'
[2026-01-29 01:39:25,569][INFO] Enabling gradients for parameter 'model.model.22.cv4.2.1.conv.weight'
[2026-01-29 01:39:25,569][INFO] Enabling gradients for parameter 'model.model.22.cv4.2.1.bn.weight'
[2026-01-29 01:39:25,569][INFO] Enabling gradients for parameter 'model.model.22.cv4.2.1.bn.bias'
[2026-01-29 01:39:25,569][INFO] Enabling gradients for parameter 'model.model.22.cv4.2.2.weight'
[2026-01-29 01:39:25,569][INFO] Enabling gradients for parameter 'model.model.22.cv4.2.2.bias'
[2026-01-29 01:39:25,582][DEBUG] Getting embedding model with embedding dimension None.
[2026-01-29 01:39:25,582][DEBUG] Using jsonl logger with args flush_logs_every_n_steps=100
[2026-01-29 01:39:25,600][DEBUG] Using tensorboard logger with args name='' version='' log_graph=False default_hp_metric=True prefix='' sub_dir=None
[2026-01-29 01:39:25,602][DEBUG] Using loggers ['JSONLLogger', 'TensorBoardLogger'].
[2026-01-29 01:39:25,626][DEBUG] Getting accelerator for 'auto'.
[2026-01-29 01:39:25,627][DEBUG] CUDA and MPS are not available, defaulting to CPU.
[2026-01-29 01:39:25,627][DEBUG] Detected 1 devices.
[2026-01-29 01:39:25,627][DEBUG] Using strategy 'auto'.
[2026-01-29 01:39:25,628][DEBUG] Using provided precision '16-mixed'.
[2026-01-29 01:39:25,628][DEBUG] Getting trainer.
[2026-01-29 01:39:25,628][DEBUG] Using sync_batchnorm 'False'.
[2026-01-29 01:39:25,629][DEBUG] Using additional trainer arguments {'sync_batchnorm': False, 'accumulate_grad_batches': 2}.
[2026-01-29 01:39:25,631][INFO] Using 16bit Automatic Mixed Precision (AMP)
[2026-01-29 01:39:25,632][WARNING] C:\Users\karthik\Downloads\business\.venv\Lib\site-packages\pytorch_lightning\plugins\precision\amp.py:54: torch.cuda.amp.GradScaler is enabled, but CUDA is not available.  Disabling.

[2026-01-29 01:39:25,648][INFO] GPU available: False, used: False
[2026-01-29 01:39:25,651][INFO] TPU available: False, using: 0 TPU cores
[2026-01-29 01:39:25,651][DEBUG] Detected 1 nodes and 1 devices per node.
[2026-01-29 01:39:25,651][DEBUG] Total number of devices: 1.
[2026-01-29 01:39:25,652][DEBUG] Detected dataset size 13816.
[2026-01-29 01:39:25,652][DEBUG] Using batch size per device 2.
[2026-01-29 01:39:25,653][DEBUG] Using additional dataloader arguments {'num_workers': 0, 'pin_memory': True, 'timeout': 0}.
[2026-01-29 01:39:25,654][DEBUG] Using optimizer 'OptimizerType.ADAMW'.
[2026-01-29 01:39:25,654][DEBUG] Getting method args for 'DistillationV2'
[2026-01-29 01:39:25,654][DEBUG] Getting method for 'DistillationV2'
[2026-01-29 01:39:25,656][INFO] DINOv3 weights not found locally. Downloading weights from https://lightly-train-checkpoints.s3.us-east-1.amazonaws.com/dinov3/dinov3_vits16_lvd1689m.pth to C:\Users\karthik\.cache\lightly-train\models\dinov3_vits16_lvd1689m.pth
[2026-01-29 01:40:00,645][INFO] Resolved configuration:
{
    "accelerator": "CPUAccelerator",
    "batch_size": 2,
    "callbacks": {
        "device_stats_monitor": null,
        "early_stopping": {
            "check_finite": true,
            "monitor": "train_loss",
            "patience": 1000000000000
        },
        "learning_rate_monitor": {},
        "model_checkpoint": {
            "auto_insert_metric_name": true,
            "dirpath": "C:\\Users\\karthik\\Downloads\\business\\output\\lightly_distill\\checkpoints",
            "enable_version_counter": false,
            "every_n_epochs": null,
            "every_n_train_steps": null,
            "filename": null,
            "mode": "min",
            "monitor": null,
            "save_last": true,
            "save_on_train_epoch_end": null,
            "save_top_k": 1,
            "save_weights_only": false,
            "train_time_interval": null,
            "verbose": false
        },
        "model_export": {
            "every_n_epochs": 1
        }
    },
    "checkpoint": null,
    "data": "c:\\Users\\karthik\\Downloads\\business\\data_frames",
    "devices": 1,
    "embed_dim": null,
    "epochs": 20,
    "float32_matmul_precision": "high",
    "loader_args": {
        "num_workers": 0,
        "pin_memory": true,
        "timeout": 0
    },
    "loggers": {
        "jsonl": {
            "flush_logs_every_n_steps": 100
        },
        "mlflow": null,
        "tensorboard": {
            "default_hp_metric": true,
            "log_graph": false,
            "name": "",
            "prefix": "",
            "sub_dir": null,
            "version": ""
        },
        "wandb": null
    },
    "method": "distillation",
    "method_args": {
        "lr_scale_method": "sqrt",
        "n_projection_layers": 1,
        "n_teacher_blocks": 2,
        "projection_hidden_dim": 2048,
        "reference_batch_size": 4,
        "teacher": "dinov3/vits16",
        "teacher_url": "file:///C:/Users/karthik/Downloads/business/dinov3_vits16_pretrain_lvd1689m-08c60483.pth",
        "teacher_weights": null
    },
    "model": "YOLO",
    "model_args": null,
    "num_nodes": 1,
    "num_workers": 7,
    "optim": "adamw",
    "optim_args": {
        "betas": [
            0.9,
            0.999
        ],
        "eps": 1e-08,
        "lr": 0.001,
        "weight_decay": 0.0001
    },
    "out": "c:\\Users\\karthik\\Downloads\\business\\output\\lightly_distill",
    "overwrite": false,
    "precision": "16-mixed",
    "resume": null,
    "resume_interrupted": false,
    "seed": 0,
    "strategy": "SingleDeviceStrategy",
    "trainer_args": {
        "accumulate_grad_batches": 2,
        "sync_batchnorm": false
    },
    "transform_args": {
        "channel_drop": null,
        "color_jitter": {
            "brightness": 0.8,
            "contrast": 0.8,
            "hue": 0.2,
            "prob": 0.8,
            "saturation": 0.4,
            "strength": 0.5
        },
        "gaussian_blur": {
            "blur_limit": 0,
            "prob": 1.0,
            "sigmas": [
                0.0,
                0.1
            ]
        },
        "image_size": [
            224,
            224
        ],
        "normalize": {
            "mean": [
                0.485,
                0.456,
                0.406
            ],
            "std": [
                0.229,
                0.224,
                0.225
            ]
        },
        "num_channels": 3,
        "random_flip": {
            "horizontal_prob": 0.5,
            "vertical_prob": 0.0
        },
        "random_gray_scale": 0.2,
        "random_resize": {
            "max_scale": 1.0,
            "min_scale": 0.14
        },
        "random_rotation": null,
        "solarize": null
    }
}

[2026-01-29 01:40:01,310][INFO] Loading `train_dataloader` to estimate number of stepping batches.
[2026-01-29 01:40:01,312][WARNING] C:\Users\karthik\Downloads\business\.venv\Lib\site-packages\pytorch_lightning\trainer\connectors\data_connector.py:434: The 'train_dataloader' does not have many workers which may be a bottleneck. Consider increasing the value of the `num_workers` argument` to `num_workers=7` in the `DataLoader` to improve performance.

[2026-01-29 01:40:01,348][WARNING] C:\Users\karthik\Downloads\business\.venv\Lib\site-packages\torch\utils\data\dataloader.py:668: UserWarning: 'pin_memory' argument is set as true but no accelerator is found, then device pinned memory won't be used.
  warnings.warn(warn_msg)

[2026-01-29 01:40:01,353][WARNING] C:\Users\karthik\Downloads\business\.venv\Lib\site-packages\pytorch_lightning\utilities\model_summary\model_summary.py:242: Precision 16-mixed is not supported by the model summary.  Estimated model size in MB will not be accurate. Using 32 bits instead.

[2026-01-29 01:40:01,368][INFO] 
  | Name                    | Type                  | Params | Mode  | FLOPs
----------------------------------------------------------------------------------
0 | teacher_embedding_model | DinoVisionTransformer | 21.6 M | eval  | 0    
1 | student_embedding_model | EmbeddingModel        | 1.1 M  | train | 0    
2 | student_projection_head | DistillationV2Head    | 197 K  | train | 0    
3 | criterion               | DistillationV2Loss    | 0      | train | 0    
----------------------------------------------------------------------------------
1.3 M     Trainable params
21.6 M    Non-trainable params
22.9 M    Total params
91.626    Total estimated model params size (MB)
99        Modules in train mode
212       Modules in eval mode
0         Total Flops
[2026-01-29 02:15:18,404][DEBUG] Exporting model to 'C:\Users\karthik\Downloads\business\output\lightly_distill\exported_models\exported_last.pt' in format 'ModelFormat.PACKAGE_DEFAULT'.
[2026-01-29 02:47:42,219][DEBUG] Exporting model to 'C:\Users\karthik\Downloads\business\output\lightly_distill\exported_models\exported_last.pt' in format 'ModelFormat.PACKAGE_DEFAULT'.
[2026-01-29 03:18:48,777][DEBUG] Exporting model to 'C:\Users\karthik\Downloads\business\output\lightly_distill\exported_models\exported_last.pt' in format 'ModelFormat.PACKAGE_DEFAULT'.
[2026-01-29 03:48:52,200][DEBUG] Exporting model to 'C:\Users\karthik\Downloads\business\output\lightly_distill\exported_models\exported_last.pt' in format 'ModelFormat.PACKAGE_DEFAULT'.
[2026-01-29 04:19:25,636][DEBUG] Exporting model to 'C:\Users\karthik\Downloads\business\output\lightly_distill\exported_models\exported_last.pt' in format 'ModelFormat.PACKAGE_DEFAULT'.
[2026-01-29 04:50:20,805][DEBUG] Exporting model to 'C:\Users\karthik\Downloads\business\output\lightly_distill\exported_models\exported_last.pt' in format 'ModelFormat.PACKAGE_DEFAULT'.
[2026-01-29 05:21:29,756][DEBUG] Exporting model to 'C:\Users\karthik\Downloads\business\output\lightly_distill\exported_models\exported_last.pt' in format 'ModelFormat.PACKAGE_DEFAULT'.
[2026-01-29 05:52:52,038][DEBUG] Exporting model to 'C:\Users\karthik\Downloads\business\output\lightly_distill\exported_models\exported_last.pt' in format 'ModelFormat.PACKAGE_DEFAULT'.
[2026-01-29 06:24:01,035][DEBUG] Exporting model to 'C:\Users\karthik\Downloads\business\output\lightly_distill\exported_models\exported_last.pt' in format 'ModelFormat.PACKAGE_DEFAULT'.
[2026-01-29 06:55:24,665][DEBUG] Exporting model to 'C:\Users\karthik\Downloads\business\output\lightly_distill\exported_models\exported_last.pt' in format 'ModelFormat.PACKAGE_DEFAULT'.
[2026-01-29 07:26:50,822][DEBUG] Exporting model to 'C:\Users\karthik\Downloads\business\output\lightly_distill\exported_models\exported_last.pt' in format 'ModelFormat.PACKAGE_DEFAULT'.
[2026-01-29 07:59:08,440][DEBUG] Exporting model to 'C:\Users\karthik\Downloads\business\output\lightly_distill\exported_models\exported_last.pt' in format 'ModelFormat.PACKAGE_DEFAULT'.
[2026-01-29 08:38:32,548][DEBUG] Exporting model to 'C:\Users\karthik\Downloads\business\output\lightly_distill\exported_models\exported_last.pt' in format 'ModelFormat.PACKAGE_DEFAULT'.
[2026-01-29 09:39:42,669][DEBUG] Exporting model to 'C:\Users\karthik\Downloads\business\output\lightly_distill\exported_models\exported_last.pt' in format 'ModelFormat.PACKAGE_DEFAULT'.
[2026-01-29 10:11:25,334][DEBUG] Exporting model to 'C:\Users\karthik\Downloads\business\output\lightly_distill\exported_models\exported_last.pt' in format 'ModelFormat.PACKAGE_DEFAULT'.
[2026-01-29 10:44:33,159][DEBUG] Exporting model to 'C:\Users\karthik\Downloads\business\output\lightly_distill\exported_models\exported_last.pt' in format 'ModelFormat.PACKAGE_DEFAULT'.
